Starting a Gradle Daemon, 1 incompatible Daemon could not be reused, use --status for details
.\gradlew.bat : 
At line:1 char:1
+ .\gradlew.bat 
assembleDebug 
--console=plain > 
build_errors.txt 2>&1
+ ~~~~~~~~~~~~~~~~~~~~~~~~~
~~~~~~~~~~~~~~~~~~~~~~~~~~~
~~~~~~~~~~~~~~~
    + CategoryInfo         
     : NotSpecified: (:St  
  ring) [], RemoteExcept   
 ion
    + FullyQualifiedErrorI 
   d : NativeCommandError
 
FAILURE: Build failed with 
an exception.

* What went wrong:
Gradle requires JVM 17 or 
later to run. Your build 
is currently configured to 
use JVM 8.

* Try:
> Run with --stacktrace 
option to get the stack 
trace.
> Run with --info or 
--debug option to get more 
log output.
> Run with --scan to get 
full insights from a Build 
Scan (powered by 
Develocity).
> Get more help at 
https://help.gradle.org.
